// Jest Snapshot v1, https://goo.gl/fbAQLP

exports[`App renders correctly:snapshot testing 1`] = `
<DocumentFragment>
  <div
    class="App"
  >
    <img
      class="nasa-picture"
      src="https://cdn.cnn.com/cnnnext/dam/assets/200424060716-nasa-worm-logo.jpg"
    />
    <input
      class="search-field"
      type="text"
    />
  </div>
</DocumentFragment>
`;
