// Jest Snapshot v1, https://goo.gl/fbAQLP

exports[`Search.js technical testing Search.js renders correctly: snapshot testing 1`] = `
<DocumentFragment>
  <div
    class="search-section"
  >
    <form
      class="search-form"
    >
      <input
        class="search-input"
        data-testid="search-input"
        placeholder="Search..."
        type="text"
      />
      <button
        class="search-btn"
        data-testid="search-btn"
        type="submit"
      >
        Go!
      </button>
    </form>
  </div>
</DocumentFragment>
`;
